2026-01-07T02:52:56.592Z	Initializing build environment...
2026-01-07T02:52:56.592Z	Initializing build environment...
2026-01-07T02:52:58.423Z	Success: Finished initializing build environment
2026-01-07T02:52:58.828Z	Cloning repository...
2026-01-07T02:52:59.741Z	No build output detected to cache. Skipping.
2026-01-07T02:52:59.741Z	No dependencies detected to cache. Skipping.
2026-01-07T02:52:59.744Z	Detected the following tools from environment: bun@1.2.15, nodejs@22.16.0
2026-01-07T02:52:59.746Z	Installing project dependencies: bun install
2026-01-07T02:52:59.908Z	bun install v1.2.15 (df017990)
2026-01-07T02:52:59.940Z	Resolving dependencies
2026-01-07T02:53:04.572Z	Resolved, downloaded and extracted [862]
2026-01-07T02:53:05.689Z	Saved lockfile
2026-01-07T02:53:05.690Z	
2026-01-07T02:53:05.691Z	+ @tailwindcss/postcss@4.1.18
2026-01-07T02:53:05.691Z	+ @types/node@22.19.3 (v25.0.3 available)
2026-01-07T02:53:05.691Z	+ @types/react@19.2.7
2026-01-07T02:53:05.691Z	+ @types/react-dom@19.2.3
2026-01-07T02:53:05.691Z	+ postcss@8.5.6
2026-01-07T02:53:05.691Z	+ tailwindcss@4.1.18
2026-01-07T02:53:05.691Z	+ tw-animate-css@1.3.3 (v1.4.0 available)
2026-01-07T02:53:05.691Z	+ typescript@5.9.3
2026-01-07T02:53:05.691Z	+ @hookform/resolvers@3.10.0 (v5.2.2 available)
2026-01-07T02:53:05.692Z	+ @radix-ui/react-accordion@1.2.2 (v1.2.12 available)
2026-01-07T02:53:05.692Z	+ @radix-ui/react-alert-dialog@1.1.4 (v1.1.15 available)
2026-01-07T02:53:05.692Z	+ @radix-ui/react-aspect-ratio@1.1.1 (v1.1.8 available)
2026-01-07T02:53:05.692Z	+ @radix-ui/react-avatar@1.1.2 (v1.1.11 available)
2026-01-07T02:53:05.692Z	+ @radix-ui/react-checkbox@1.1.3 (v1.3.3 available)
2026-01-07T02:53:05.692Z	+ @radix-ui/react-collapsible@1.1.2 (v1.1.12 available)
2026-01-07T02:53:05.692Z	+ @radix-ui/react-context-menu@2.2.4 (v2.2.16 available)
2026-01-07T02:53:05.692Z	+ @radix-ui/react-dialog@1.1.4 (v1.1.15 available)
2026-01-07T02:53:05.692Z	+ @radix-ui/react-dropdown-menu@2.1.4 (v2.1.16 available)
2026-01-07T02:53:05.692Z	+ @radix-ui/react-hover-card@1.1.4 (v1.1.15 available)
2026-01-07T02:53:05.692Z	+ @radix-ui/react-label@2.1.1 (v2.1.8 available)
2026-01-07T02:53:05.692Z	+ @radix-ui/react-menubar@1.1.4 (v1.1.16 available)
2026-01-07T02:53:05.692Z	+ @radix-ui/react-navigation-menu@1.2.3 (v1.2.14 available)
2026-01-07T02:53:05.692Z	+ @radix-ui/react-popover@1.1.4 (v1.1.15 available)
2026-01-07T02:53:05.692Z	+ @radix-ui/react-progress@1.1.1 (v1.1.8 available)
2026-01-07T02:53:05.692Z	+ @radix-ui/react-radio-group@1.2.2 (v1.3.8 available)
2026-01-07T02:53:05.692Z	+ @radix-ui/react-scroll-area@1.2.2 (v1.2.10 available)
2026-01-07T02:53:05.693Z	+ @radix-ui/react-select@2.1.4 (v2.2.6 available)
2026-01-07T02:53:05.693Z	+ @radix-ui/react-separator@1.1.1 (v1.1.8 available)
2026-01-07T02:53:05.693Z	+ @radix-ui/react-slider@1.2.2 (v1.3.6 available)
2026-01-07T02:53:05.693Z	+ @radix-ui/react-slot@1.1.1 (v1.2.4 available)
2026-01-07T02:53:05.693Z	+ @radix-ui/react-switch@1.1.2 (v1.2.6 available)
2026-01-07T02:53:05.693Z	+ @radix-ui/react-tabs@1.1.2 (v1.1.13 available)
2026-01-07T02:53:05.693Z	+ @radix-ui/react-toast@1.2.4 (v1.2.15 available)
2026-01-07T02:53:05.693Z	+ @radix-ui/react-toggle@1.1.1 (v1.1.10 available)
2026-01-07T02:53:05.693Z	+ @radix-ui/react-toggle-group@1.1.1 (v1.1.11 available)
2026-01-07T02:53:05.693Z	+ @radix-ui/react-tooltip@1.1.6 (v1.2.8 available)
2026-01-07T02:53:05.693Z	+ @vercel/analytics@1.3.1 (v1.6.1 available)
2026-01-07T02:53:05.693Z	+ autoprefixer@10.4.23
2026-01-07T02:53:05.693Z	+ class-variance-authority@0.7.1
2026-01-07T02:53:05.693Z	+ clsx@2.1.1
2026-01-07T02:53:05.693Z	+ cmdk@1.0.4 (v1.1.1 available)
2026-01-07T02:53:05.694Z	+ date-fns@4.1.0
2026-01-07T02:53:05.694Z	+ embla-carousel-react@8.5.1 (v8.6.0 available)
2026-01-07T02:53:05.694Z	+ input-otp@1.4.1 (v1.4.2 available)
2026-01-07T02:53:05.694Z	+ lucide-react@0.454.0 (v0.562.0 available)
2026-01-07T02:53:05.694Z	+ next@16.0.10 (v16.1.1 available)
2026-01-07T02:53:05.694Z	+ next-themes@0.4.6
2026-01-07T02:53:05.694Z	+ react@19.2.0 (v19.2.3 available)
2026-01-07T02:53:05.695Z	+ react-day-picker@9.8.0 (v9.13.0 available)
2026-01-07T02:53:05.695Z	+ react-dom@19.2.0 (v19.2.3 available)
2026-01-07T02:53:05.695Z	+ react-hook-form@7.70.0
2026-01-07T02:53:05.695Z	+ react-resizable-panels@2.1.9 (v4.3.0 available)
2026-01-07T02:53:05.695Z	+ recharts@2.15.4 (v3.6.0 available)
2026-01-07T02:53:05.695Z	+ sonner@1.7.4 (v2.0.7 available)
2026-01-07T02:53:05.695Z	+ tailwind-merge@3.4.0
2026-01-07T02:53:05.695Z	+ tailwindcss-animate@1.0.7
2026-01-07T02:53:05.695Z	+ vaul@1.1.2
2026-01-07T02:53:05.696Z	+ zod@3.25.76 (v4.3.5 available)
2026-01-07T02:53:05.696Z	
2026-01-07T02:53:05.696Z	189 packages installed [5.82s]
2026-01-07T02:53:05.903Z	Executing user build command: npx next build
2026-01-07T02:53:07.690Z	⚠ No build cache found. Please configure build caching for faster rebuilds. Read more: https://nextjs.org/docs/messages/no-cache
2026-01-07T02:53:07.694Z	Attention: Next.js now collects completely anonymous telemetry regarding usage.
2026-01-07T02:53:07.694Z	This information is used to shape Next.js' roadmap and prioritize features.
2026-01-07T02:53:07.697Z	You can learn more, including how to opt-out if you'd not like to participate in this anonymous program, by visiting the following URL:
2026-01-07T02:53:07.697Z	https://nextjs.org/telemetry
2026-01-07T02:53:07.698Z	
2026-01-07T02:53:07.708Z	   ▲ Next.js 16.0.10 (Turbopack)
2026-01-07T02:53:07.708Z	
2026-01-07T02:53:07.793Z	   Creating an optimized production build ...
2026-01-07T02:53:14.165Z	 ✓ Compiled successfully in 5.7s
2026-01-07T02:53:14.190Z	   Running TypeScript ...
2026-01-07T02:53:14.536Z	
2026-01-07T02:53:14.537Z	   We detected TypeScript in your project and reconfigured your tsconfig.json file for you.
2026-01-07T02:53:14.538Z	   The following suggested values were added to your tsconfig.json. These values can be changed to fit your project's needs:
2026-01-07T02:53:14.543Z	
2026-01-07T02:53:14.544Z	   	- include was updated to add '.next/dev/types/**/*.ts'
2026-01-07T02:53:14.544Z	
2026-01-07T02:53:14.544Z	   The following mandatory changes were made to your tsconfig.json:
2026-01-07T02:53:14.544Z	
2026-01-07T02:53:14.544Z	   	- jsx was set to react-jsx (next.js uses the React automatic runtime)
2026-01-07T02:53:14.544Z	
2026-01-07T02:53:17.204Z	   Collecting page data using 1 worker ...
2026-01-07T02:53:17.577Z	   Generating static pages using 1 worker (0/4) ...
2026-01-07T02:53:18.015Z	   Generating static pages using 1 worker (1/4) 
2026-01-07T02:53:18.031Z	   Generating static pages using 1 worker (2/4) 
2026-01-07T02:53:18.031Z	   Generating static pages using 1 worker (3/4) 
2026-01-07T02:53:18.031Z	 ✓ Generating static pages using 1 worker (4/4) in 454.2ms
2026-01-07T02:53:18.043Z	   Finalizing page optimization ...
2026-01-07T02:53:18.051Z	
2026-01-07T02:53:18.053Z	Route (app)
2026-01-07T02:53:18.053Z	┌ ○ /
2026-01-07T02:53:18.053Z	├ ○ /_not-found
2026-01-07T02:53:18.053Z	└ ○ /icon.png
2026-01-07T02:53:18.053Z	
2026-01-07T02:53:18.053Z	
2026-01-07T02:53:18.053Z	○  (Static)  prerendered as static content
2026-01-07T02:53:18.053Z	
2026-01-07T02:53:18.194Z	Success: Build command completed
2026-01-07T02:53:18.350Z	Executing user deploy command: npx wrangler deploy
2026-01-07T02:53:19.431Z	npm warn exec The following package was not found and will be installed: wrangler@4.54.0
2026-01-07T02:53:34.389Z	
2026-01-07T02:53:34.389Z	 ⛅️ wrangler 4.54.0
2026-01-07T02:53:34.389Z	───────────────────
2026-01-07T02:53:34.406Z	
2026-01-07T02:53:34.466Z	✘ [ERROR] Missing entry-point to Worker script or to assets directory
2026-01-07T02:53:34.466Z	
2026-01-07T02:53:34.466Z	  
2026-01-07T02:53:34.466Z	  If there is code to deploy, you can either:
2026-01-07T02:53:34.466Z	  - Specify an entry-point to your Worker script via the command line (ex: `npx wrangler deploy src/index.ts`)
2026-01-07T02:53:34.466Z	  - Or create a "wrangler.jsonc" file containing:
2026-01-07T02:53:34.466Z	  
2026-01-07T02:53:34.466Z	  ```
2026-01-07T02:53:34.466Z	  {
2026-01-07T02:53:34.466Z	    "name": "worker-name",
2026-01-07T02:53:34.466Z	    "compatibility_date": "2026-01-07",
2026-01-07T02:53:34.467Z	    "main": "src/index.ts"
2026-01-07T02:53:34.467Z	  }
2026-01-07T02:53:34.467Z	  ```
2026-01-07T02:53:34.467Z	  
2026-01-07T02:53:34.467Z	  
2026-01-07T02:53:34.467Z	  If are uploading a directory of assets, you can either:
2026-01-07T02:53:34.467Z	  - Specify the path to the directory of assets via the command line: (ex: `npx wrangler deploy --assets=./dist`)
2026-01-07T02:53:34.467Z	  - Or create a "wrangler.jsonc" file containing:
2026-01-07T02:53:34.467Z	  
2026-01-07T02:53:34.467Z	  ```
2026-01-07T02:53:34.467Z	  {
2026-01-07T02:53:34.467Z	    "name": "worker-name",
2026-01-07T02:53:34.467Z	    "compatibility_date": "2026-01-07",
2026-01-07T02:53:34.467Z	    "assets": {
2026-01-07T02:53:34.467Z	      "directory": "./dist"
2026-01-07T02:53:34.467Z	    }
2026-01-07T02:53:34.468Z	  }
2026-01-07T02:53:34.468Z	  ```
2026-01-07T02:53:34.468Z	  
2026-01-07T02:53:34.468Z	
2026-01-07T02:53:34.468Z	
2026-01-07T02:53:34.485Z	
2026-01-07T02:53:34.487Z	Cloudflare collects anonymous telemetry about your usage of Wrangler. Learn more at https://github.com/cloudflare/workers-sdk/tree/main/packages/wrangler/telemetry.md
2026-01-07T02:53:34.497Z	🪵  Logs were written to "/opt/buildhome/.config/.wrangler/logs/wrangler-2026-01-07_02-53-33_800.log"
2026-01-07T02:53:34.628Z	Failed: error occurred while running deploy command